[debug] [2026-01-08T15:38:12.530Z] ----------------------------------------------------------------------
[debug] [2026-01-08T15:38:12.533Z] Command:       C:\Program Files\nodejs\node.exe C:\Users\rkuzmik\AppData\Roaming\npm\node_modules\firebase-tools\lib\bin\firebase.js serve --only hosting
[debug] [2026-01-08T15:38:12.533Z] CLI Version:   15.1.0
[debug] [2026-01-08T15:38:12.533Z] Platform:      win32
[debug] [2026-01-08T15:38:12.533Z] Node Version:  v24.12.0
[debug] [2026-01-08T15:38:12.534Z] Time:          Thu Jan 08 2026 10:38:12 GMT-0500 (Eastern Standard Time)
[debug] [2026-01-08T15:38:12.534Z] ----------------------------------------------------------------------
[debug] 
[debug] [2026-01-08T15:38:14.159Z] > command requires scopes: ["email","openid","https://www.googleapis.com/auth/cloudplatformprojects.readonly","https://www.googleapis.com/auth/firebase","https://www.googleapis.com/auth/cloud-platform"]
[debug] [2026-01-08T15:38:14.159Z] > authorizing via signed-in user (rtmbe20@gmail.com)
[debug] [2026-01-08T15:38:14.159Z] [iam] checking project pinkscout-470d1 for permissions ["firebase.projects.get"]
[debug] [2026-01-08T15:38:14.160Z] Checked if tokens are valid: true, expires at: 1767890220008
[debug] [2026-01-08T15:38:14.160Z] Checked if tokens are valid: true, expires at: 1767890220008
[debug] [2026-01-08T15:38:14.161Z] >>> [apiv2][query] POST https://cloudresourcemanager.googleapis.com/v1/projects/pinkscout-470d1:testIamPermissions [none]
[debug] [2026-01-08T15:38:14.161Z] >>> [apiv2][(partial)header] POST https://cloudresourcemanager.googleapis.com/v1/projects/pinkscout-470d1:testIamPermissions x-goog-quota-user=projects/pinkscout-470d1
[debug] [2026-01-08T15:38:14.161Z] >>> [apiv2][body] POST https://cloudresourcemanager.googleapis.com/v1/projects/pinkscout-470d1:testIamPermissions {"permissions":["firebase.projects.get"]}
[debug] [2026-01-08T15:38:14.436Z] <<< [apiv2][status] POST https://cloudresourcemanager.googleapis.com/v1/projects/pinkscout-470d1:testIamPermissions 200
[debug] [2026-01-08T15:38:14.436Z] <<< [apiv2][body] POST https://cloudresourcemanager.googleapis.com/v1/projects/pinkscout-470d1:testIamPermissions {"permissions":["firebase.projects.get"]}
[debug] [2026-01-08T15:38:14.438Z] Checked if tokens are valid: true, expires at: 1767890220008
[debug] [2026-01-08T15:38:14.439Z] Checked if tokens are valid: true, expires at: 1767890220008
[debug] [2026-01-08T15:38:14.439Z] >>> [apiv2][query] GET https://cloudresourcemanager.googleapis.com/v1/projects/pinkscout-470d1 [none]
[debug] [2026-01-08T15:38:14.606Z] <<< [apiv2][status] GET https://cloudresourcemanager.googleapis.com/v1/projects/pinkscout-470d1 200
[debug] [2026-01-08T15:38:14.606Z] <<< [apiv2][body] GET https://cloudresourcemanager.googleapis.com/v1/projects/pinkscout-470d1 {"projectNumber":"386591970958","projectId":"pinkscout-470d1","lifecycleState":"ACTIVE","name":"Pinkscout","labels":{"firebase":"enabled","firebase-core":"disabled"},"createTime":"2026-01-06T18:02:56.331454Z"}
[debug] [2026-01-08T15:38:14.610Z] Checked if tokens are valid: true, expires at: 1767890220008
[debug] [2026-01-08T15:38:14.610Z] Checked if tokens are valid: true, expires at: 1767890220008
[debug] [2026-01-08T15:38:14.610Z] >>> [apiv2][query] GET https://firebasehosting.googleapis.com/v1beta1/projects/pinkscout-470d1/sites 
[debug] [2026-01-08T15:38:15.115Z] <<< [apiv2][status] GET https://firebasehosting.googleapis.com/v1beta1/projects/pinkscout-470d1/sites 200
[debug] [2026-01-08T15:38:15.115Z] <<< [apiv2][body] GET https://firebasehosting.googleapis.com/v1beta1/projects/pinkscout-470d1/sites {"sites":[{"name":"projects/pinkscout-470d1/sites/pinkscout-470d1","defaultUrl":"https://pinkscout-470d1.web.app","appId":"1:386591970958:web:a7a9483684c3418cea1bdf","type":"DEFAULT_SITE"},{"name":"projects/pinkscout-470d1/sites/pinkscout-app","defaultUrl":"https://pinkscout-app.web.app","type":"USER_SITE"}]}
[debug] [2026-01-08T15:38:15.116Z] Checked if tokens are valid: true, expires at: 1767890220008
[debug] [2026-01-08T15:38:15.116Z] Checked if tokens are valid: true, expires at: 1767890220008
[debug] [2026-01-08T15:38:15.116Z] >>> [apiv2][query] GET https://firebase.googleapis.com/v1beta1/projects/pinkscout-470d1/webApps/1:386591970958:web:a7a9483684c3418cea1bdf/config [none]
[debug] [2026-01-08T15:38:15.438Z] <<< [apiv2][status] GET https://firebase.googleapis.com/v1beta1/projects/pinkscout-470d1/webApps/1:386591970958:web:a7a9483684c3418cea1bdf/config 200
[debug] [2026-01-08T15:38:15.438Z] <<< [apiv2][body] GET https://firebase.googleapis.com/v1beta1/projects/pinkscout-470d1/webApps/1:386591970958:web:a7a9483684c3418cea1bdf/config {"projectId":"pinkscout-470d1","appId":"1:386591970958:web:a7a9483684c3418cea1bdf","storageBucket":"pinkscout-470d1.firebasestorage.app","apiKey":"AIzaSyCqUoIrwQdBFlaF0P9NfTRN7pVfji5p3-M","authDomain":"pinkscout-470d1.firebaseapp.com","messagingSenderId":"386591970958","measurementId":"G-HM5D0Z7L6N","projectNumber":"386591970958","version":"2"}
[debug] [2026-01-08T15:38:15.447Z] Checked if tokens are valid: true, expires at: 1767890220008
[debug] [2026-01-08T15:38:15.447Z] Checked if tokens are valid: true, expires at: 1767890220008
[debug] [2026-01-08T15:38:15.448Z] >>> [apiv2][query] GET https://firebase.googleapis.com/v1beta1/projects/pinkscout-470d1 [none]
[debug] [2026-01-08T15:38:15.672Z] <<< [apiv2][status] GET https://firebase.googleapis.com/v1beta1/projects/pinkscout-470d1 200
[debug] [2026-01-08T15:38:15.672Z] <<< [apiv2][body] GET https://firebase.googleapis.com/v1beta1/projects/pinkscout-470d1 {"projectId":"pinkscout-470d1","projectNumber":"386591970958","displayName":"Pinkscout","name":"projects/pinkscout-470d1","resources":{"hostingSite":"pinkscout-470d1"},"state":"ACTIVE","etag":"1_f34afd01-a77f-4e09-b7c1-21199945c1ef"}
[info] i  hosting[pinkscout-470d1]: Serving hosting files from: public {"metadata":{"emulator":{"name":"hosting"},"message":"Serving hosting files from: \u001b[1mpublic\u001b[22m"}}
[info] +  hosting[pinkscout-470d1]: Local server: http://localhost:5002 {"metadata":{"emulator":{"name":"hosting"},"message":"Local server: \u001b[4m\u001b[1mhttp://localhost:5002\u001b[22m\u001b[24m"}}
[debug] [2026-01-08T15:40:36.540Z] ----------------------------------------------------------------------
[debug] [2026-01-08T15:40:36.543Z] Command:       C:\Program Files\nodejs\node.exe C:\Users\rkuzmik\AppData\Roaming\npm\node_modules\firebase-tools\lib\bin\firebase.js serve --only hosting
[debug] [2026-01-08T15:40:36.543Z] CLI Version:   15.1.0
[debug] [2026-01-08T15:40:36.543Z] Platform:      win32
[debug] [2026-01-08T15:40:36.543Z] Node Version:  v24.12.0
[debug] [2026-01-08T15:40:36.543Z] Time:          Thu Jan 08 2026 10:40:36 GMT-0500 (Eastern Standard Time)
[debug] [2026-01-08T15:40:36.543Z] ----------------------------------------------------------------------
[debug] 
[debug] [2026-01-08T15:40:38.427Z] > command requires scopes: ["email","openid","https://www.googleapis.com/auth/cloudplatformprojects.readonly","https://www.googleapis.com/auth/firebase","https://www.googleapis.com/auth/cloud-platform"]
[debug] [2026-01-08T15:40:38.428Z] > authorizing via signed-in user (rtmbe20@gmail.com)
[debug] [2026-01-08T15:40:38.428Z] [iam] checking project pinkscout-470d1 for permissions ["firebase.projects.get"]
[debug] [2026-01-08T15:40:38.429Z] Checked if tokens are valid: true, expires at: 1767890220008
[debug] [2026-01-08T15:40:38.429Z] Checked if tokens are valid: true, expires at: 1767890220008
[debug] [2026-01-08T15:40:38.430Z] >>> [apiv2][query] POST https://cloudresourcemanager.googleapis.com/v1/projects/pinkscout-470d1:testIamPermissions [none]
[debug] [2026-01-08T15:40:38.430Z] >>> [apiv2][(partial)header] POST https://cloudresourcemanager.googleapis.com/v1/projects/pinkscout-470d1:testIamPermissions x-goog-quota-user=projects/pinkscout-470d1
[debug] [2026-01-08T15:40:38.430Z] >>> [apiv2][body] POST https://cloudresourcemanager.googleapis.com/v1/projects/pinkscout-470d1:testIamPermissions {"permissions":["firebase.projects.get"]}
[debug] [2026-01-08T15:40:38.721Z] <<< [apiv2][status] POST https://cloudresourcemanager.googleapis.com/v1/projects/pinkscout-470d1:testIamPermissions 200
[debug] [2026-01-08T15:40:38.722Z] <<< [apiv2][body] POST https://cloudresourcemanager.googleapis.com/v1/projects/pinkscout-470d1:testIamPermissions {"permissions":["firebase.projects.get"]}
[debug] [2026-01-08T15:40:38.724Z] Checked if tokens are valid: true, expires at: 1767890220008
[debug] [2026-01-08T15:40:38.724Z] Checked if tokens are valid: true, expires at: 1767890220008
[debug] [2026-01-08T15:40:38.724Z] >>> [apiv2][query] GET https://cloudresourcemanager.googleapis.com/v1/projects/pinkscout-470d1 [none]
[debug] [2026-01-08T15:40:38.903Z] <<< [apiv2][status] GET https://cloudresourcemanager.googleapis.com/v1/projects/pinkscout-470d1 200
[debug] [2026-01-08T15:40:38.904Z] <<< [apiv2][body] GET https://cloudresourcemanager.googleapis.com/v1/projects/pinkscout-470d1 {"projectNumber":"386591970958","projectId":"pinkscout-470d1","lifecycleState":"ACTIVE","name":"Pinkscout","labels":{"firebase":"enabled","firebase-core":"disabled"},"createTime":"2026-01-06T18:02:56.331454Z"}
[debug] [2026-01-08T15:40:38.906Z] Checked if tokens are valid: true, expires at: 1767890220008
[debug] [2026-01-08T15:40:38.906Z] Checked if tokens are valid: true, expires at: 1767890220008
[debug] [2026-01-08T15:40:38.906Z] >>> [apiv2][query] GET https://firebasehosting.googleapis.com/v1beta1/projects/pinkscout-470d1/sites 
[debug] [2026-01-08T15:40:39.377Z] <<< [apiv2][status] GET https://firebasehosting.googleapis.com/v1beta1/projects/pinkscout-470d1/sites 200
[debug] [2026-01-08T15:40:39.378Z] <<< [apiv2][body] GET https://firebasehosting.googleapis.com/v1beta1/projects/pinkscout-470d1/sites {"sites":[{"name":"projects/pinkscout-470d1/sites/pinkscout-470d1","defaultUrl":"https://pinkscout-470d1.web.app","appId":"1:386591970958:web:a7a9483684c3418cea1bdf","type":"DEFAULT_SITE"},{"name":"projects/pinkscout-470d1/sites/pinkscout-app","defaultUrl":"https://pinkscout-app.web.app","type":"USER_SITE"}]}
[debug] [2026-01-08T15:40:39.378Z] Checked if tokens are valid: true, expires at: 1767890220008
[debug] [2026-01-08T15:40:39.378Z] Checked if tokens are valid: true, expires at: 1767890220008
[debug] [2026-01-08T15:40:39.379Z] >>> [apiv2][query] GET https://firebase.googleapis.com/v1beta1/projects/pinkscout-470d1/webApps/1:386591970958:web:a7a9483684c3418cea1bdf/config [none]
[debug] [2026-01-08T15:40:39.817Z] <<< [apiv2][status] GET https://firebase.googleapis.com/v1beta1/projects/pinkscout-470d1/webApps/1:386591970958:web:a7a9483684c3418cea1bdf/config 200
[debug] [2026-01-08T15:40:39.817Z] <<< [apiv2][body] GET https://firebase.googleapis.com/v1beta1/projects/pinkscout-470d1/webApps/1:386591970958:web:a7a9483684c3418cea1bdf/config {"projectId":"pinkscout-470d1","appId":"1:386591970958:web:a7a9483684c3418cea1bdf","storageBucket":"pinkscout-470d1.firebasestorage.app","apiKey":"AIzaSyCqUoIrwQdBFlaF0P9NfTRN7pVfji5p3-M","authDomain":"pinkscout-470d1.firebaseapp.com","messagingSenderId":"386591970958","measurementId":"G-HM5D0Z7L6N","projectNumber":"386591970958","version":"2"}
[debug] [2026-01-08T15:40:39.822Z] Checked if tokens are valid: true, expires at: 1767890220008
[debug] [2026-01-08T15:40:39.822Z] Checked if tokens are valid: true, expires at: 1767890220008
[debug] [2026-01-08T15:40:39.822Z] >>> [apiv2][query] GET https://firebase.googleapis.com/v1beta1/projects/pinkscout-470d1 [none]
[debug] [2026-01-08T15:40:40.050Z] <<< [apiv2][status] GET https://firebase.googleapis.com/v1beta1/projects/pinkscout-470d1 200
[debug] [2026-01-08T15:40:40.051Z] <<< [apiv2][body] GET https://firebase.googleapis.com/v1beta1/projects/pinkscout-470d1 {"projectId":"pinkscout-470d1","projectNumber":"386591970958","displayName":"Pinkscout","name":"projects/pinkscout-470d1","resources":{"hostingSite":"pinkscout-470d1"},"state":"ACTIVE","etag":"1_f34afd01-a77f-4e09-b7c1-21199945c1ef"}
[info] i  hosting[pinkscout-470d1]: Serving hosting files from: public {"metadata":{"emulator":{"name":"hosting"},"message":"Serving hosting files from: \u001b[1mpublic\u001b[22m"}}
[info] +  hosting[pinkscout-470d1]: Local server: http://localhost:5002 {"metadata":{"emulator":{"name":"hosting"},"message":"Local server: \u001b[4m\u001b[1mhttp://localhost:5002\u001b[22m\u001b[24m"}}
[debug] [2026-01-08T15:41:24.784Z] ----------------------------------------------------------------------
[debug] [2026-01-08T15:41:24.789Z] Command:       C:\Program Files\nodejs\node.exe C:\Users\rkuzmik\AppData\Roaming\npm\node_modules\firebase-tools\lib\bin\firebase.js serve --only hosting
[debug] [2026-01-08T15:41:24.789Z] CLI Version:   15.1.0
[debug] [2026-01-08T15:41:24.789Z] Platform:      win32
[debug] [2026-01-08T15:41:24.789Z] Node Version:  v24.12.0
[debug] [2026-01-08T15:41:24.789Z] Time:          Thu Jan 08 2026 10:41:24 GMT-0500 (Eastern Standard Time)
[debug] [2026-01-08T15:41:24.789Z] ----------------------------------------------------------------------
[debug] 
[debug] [2026-01-08T15:41:26.582Z] > command requires scopes: ["email","openid","https://www.googleapis.com/auth/cloudplatformprojects.readonly","https://www.googleapis.com/auth/firebase","https://www.googleapis.com/auth/cloud-platform"]
[debug] [2026-01-08T15:41:26.582Z] > authorizing via signed-in user (rtmbe20@gmail.com)
[debug] [2026-01-08T15:41:26.582Z] [iam] checking project pinkscout-470d1 for permissions ["firebase.projects.get"]
[debug] [2026-01-08T15:41:26.583Z] Checked if tokens are valid: true, expires at: 1767890220008
[debug] [2026-01-08T15:41:26.583Z] Checked if tokens are valid: true, expires at: 1767890220008
[debug] [2026-01-08T15:41:26.584Z] >>> [apiv2][query] POST https://cloudresourcemanager.googleapis.com/v1/projects/pinkscout-470d1:testIamPermissions [none]
[debug] [2026-01-08T15:41:26.584Z] >>> [apiv2][(partial)header] POST https://cloudresourcemanager.googleapis.com/v1/projects/pinkscout-470d1:testIamPermissions x-goog-quota-user=projects/pinkscout-470d1
[debug] [2026-01-08T15:41:26.584Z] >>> [apiv2][body] POST https://cloudresourcemanager.googleapis.com/v1/projects/pinkscout-470d1:testIamPermissions {"permissions":["firebase.projects.get"]}
[debug] [2026-01-08T15:41:26.972Z] <<< [apiv2][status] POST https://cloudresourcemanager.googleapis.com/v1/projects/pinkscout-470d1:testIamPermissions 200
[debug] [2026-01-08T15:41:26.973Z] <<< [apiv2][body] POST https://cloudresourcemanager.googleapis.com/v1/projects/pinkscout-470d1:testIamPermissions {"permissions":["firebase.projects.get"]}
[debug] [2026-01-08T15:41:26.975Z] Checked if tokens are valid: true, expires at: 1767890220008
[debug] [2026-01-08T15:41:26.975Z] Checked if tokens are valid: true, expires at: 1767890220008
[debug] [2026-01-08T15:41:26.975Z] >>> [apiv2][query] GET https://cloudresourcemanager.googleapis.com/v1/projects/pinkscout-470d1 [none]
[debug] [2026-01-08T15:41:27.213Z] <<< [apiv2][status] GET https://cloudresourcemanager.googleapis.com/v1/projects/pinkscout-470d1 200
[debug] [2026-01-08T15:41:27.213Z] <<< [apiv2][body] GET https://cloudresourcemanager.googleapis.com/v1/projects/pinkscout-470d1 {"projectNumber":"386591970958","projectId":"pinkscout-470d1","lifecycleState":"ACTIVE","name":"Pinkscout","labels":{"firebase":"enabled","firebase-core":"disabled"},"createTime":"2026-01-06T18:02:56.331454Z"}
[debug] [2026-01-08T15:41:27.217Z] Checked if tokens are valid: true, expires at: 1767890220008
[debug] [2026-01-08T15:41:27.217Z] Checked if tokens are valid: true, expires at: 1767890220008
[debug] [2026-01-08T15:41:27.217Z] >>> [apiv2][query] GET https://firebasehosting.googleapis.com/v1beta1/projects/pinkscout-470d1/sites 
[debug] [2026-01-08T15:41:27.711Z] <<< [apiv2][status] GET https://firebasehosting.googleapis.com/v1beta1/projects/pinkscout-470d1/sites 200
[debug] [2026-01-08T15:41:27.712Z] <<< [apiv2][body] GET https://firebasehosting.googleapis.com/v1beta1/projects/pinkscout-470d1/sites {"sites":[{"name":"projects/pinkscout-470d1/sites/pinkscout-470d1","defaultUrl":"https://pinkscout-470d1.web.app","appId":"1:386591970958:web:a7a9483684c3418cea1bdf","type":"DEFAULT_SITE"},{"name":"projects/pinkscout-470d1/sites/pinkscout-app","defaultUrl":"https://pinkscout-app.web.app","type":"USER_SITE"}]}
[debug] [2026-01-08T15:41:27.712Z] Checked if tokens are valid: true, expires at: 1767890220008
[debug] [2026-01-08T15:41:27.712Z] Checked if tokens are valid: true, expires at: 1767890220008
[debug] [2026-01-08T15:41:27.712Z] >>> [apiv2][query] GET https://firebase.googleapis.com/v1beta1/projects/pinkscout-470d1/webApps/1:386591970958:web:a7a9483684c3418cea1bdf/config [none]
[debug] [2026-01-08T15:41:28.190Z] <<< [apiv2][status] GET https://firebase.googleapis.com/v1beta1/projects/pinkscout-470d1/webApps/1:386591970958:web:a7a9483684c3418cea1bdf/config 200
[debug] [2026-01-08T15:41:28.190Z] <<< [apiv2][body] GET https://firebase.googleapis.com/v1beta1/projects/pinkscout-470d1/webApps/1:386591970958:web:a7a9483684c3418cea1bdf/config {"projectId":"pinkscout-470d1","appId":"1:386591970958:web:a7a9483684c3418cea1bdf","storageBucket":"pinkscout-470d1.firebasestorage.app","apiKey":"AIzaSyCqUoIrwQdBFlaF0P9NfTRN7pVfji5p3-M","authDomain":"pinkscout-470d1.firebaseapp.com","messagingSenderId":"386591970958","measurementId":"G-HM5D0Z7L6N","projectNumber":"386591970958","version":"2"}
[debug] [2026-01-08T15:41:28.197Z] Checked if tokens are valid: true, expires at: 1767890220008
[debug] [2026-01-08T15:41:28.197Z] Checked if tokens are valid: true, expires at: 1767890220008
[debug] [2026-01-08T15:41:28.198Z] >>> [apiv2][query] GET https://firebase.googleapis.com/v1beta1/projects/pinkscout-470d1 [none]
[debug] [2026-01-08T15:41:28.464Z] <<< [apiv2][status] GET https://firebase.googleapis.com/v1beta1/projects/pinkscout-470d1 200
[debug] [2026-01-08T15:41:28.464Z] <<< [apiv2][body] GET https://firebase.googleapis.com/v1beta1/projects/pinkscout-470d1 {"projectId":"pinkscout-470d1","projectNumber":"386591970958","displayName":"Pinkscout","name":"projects/pinkscout-470d1","resources":{"hostingSite":"pinkscout-470d1"},"state":"ACTIVE","etag":"1_f34afd01-a77f-4e09-b7c1-21199945c1ef"}
[info] i  hosting[pinkscout-470d1]: Serving hosting files from: public {"metadata":{"emulator":{"name":"hosting"},"message":"Serving hosting files from: \u001b[1mpublic\u001b[22m"}}
[info] +  hosting[pinkscout-470d1]: Local server: http://localhost:5002 {"metadata":{"emulator":{"name":"hosting"},"message":"Local server: \u001b[4m\u001b[1mhttp://localhost:5002\u001b[22m\u001b[24m"}}
